python : 680 INFO: PyInstaller: 6.19.0, contrib hooks: 2026.1
At line:1 char:73
+ ... ull; Write-Host "Starting build..."; python build_exe.py 2>&1 | Tee-O ...
+                                          ~~~~~~~~~~~~~~~~~~~~~~~~
    + CategoryInfo          : NotSpecified: (680 INFO: PyIns...b hooks: 2026.1 
   :String) [], RemoteException
    + FullyQualifiedErrorId : NativeCommandError
 
680 INFO: Python: 3.12.10
703 INFO: Platform: Windows-11-10.0.26200-SP0
703 INFO: Python environment: 
C:\Users\theau\AppData\Local\Programs\Python\Python312
705 INFO: wrote C:\OSINTCOM\OSINTCOM.spec
707 WARNING: collect_data_files - skipping data collection for module 
'sounddevice' as it is not a package.
707 WARNING: collect_dynamic_libs - skipping library collection for module 
'sounddevice' as it is not a package.
668 WARNING: Failed to collect submodules for 
'scipy._lib.array_api_compat.torch' because importing 
'scipy._lib.array_api_compat.torch' raised: ModuleNotFoundError: No module 
named 'torch'
151 WARNING: Failed to collect submodules for 'numpy.f2py.tests' because 
importing 'numpy.f2py.tests' raised: ModuleNotFoundError: No module named 
'pytest'
766 WARNING: Failed to collect submodules for 'noisereduce.torchgate' because 
importing 'noisereduce.torchgate' raised: ModuleNotFoundError: No module named 
'torch'
4686 INFO: Module search paths (PYTHONPATH):
['C:\\OSINTCOM',
 
'C:\\Users\\theau\\AppData\\Local\\Programs\\Python\\Python312\\python312.zip',
 'C:\\Users\\theau\\AppData\\Local\\Programs\\Python\\Python312\\DLLs',
 'C:\\Users\\theau\\AppData\\Local\\Programs\\Python\\Python312\\Lib',
 'C:\\Users\\theau\\AppData\\Local\\Programs\\Python\\Python312',
 'C:\\Users\\theau\\AppData\\Local\\Programs\\Python\\Python312\\Lib\\site-pack
ages',
 'C:\\OSINTCOM']
5119 INFO: Appending 'datas' from .spec
5201 INFO: checking Analysis
5201 INFO: Building Analysis because Analysis-00.toc is non existent
5201 INFO: Looking for Python shared library...
5201 INFO: Using Python shared library: 
C:\Users\theau\AppData\Local\Programs\Python\Python312\python312.dll
5201 INFO: Running Analysis Analysis-00.toc
5201 INFO: Target bytecode optimization level: 0
5201 INFO: Initializing module dependency graph...
5202 INFO: Initializing module graph hook caches...
5216 INFO: Analyzing modules for base_library.zip ...
6132 INFO: Processing standard module hook 'hook-encodings.py' from 'C:\\Users\
\theau\\AppData\\Local\\Programs\\Python\\Python312\\Lib\\site-packages\\PyInst
aller\\hooks'
7914 INFO: Processing standard module hook 'hook-pickle.py' from 'C:\\Users\\th
eau\\AppData\\Local\\Programs\\Python\\Python312\\Lib\\site-packages\\PyInstall
er\\hooks'
8685 INFO: Processing standard module hook 'hook-heapq.py' from 'C:\\Users\\the
au\\AppData\\Local\\Programs\\Python\\Python312\\Lib\\site-packages\\PyInstalle
r\\hooks'
9075 INFO: Caching module dependency graph...
9111 INFO: Analyzing C:\OSINTCOM\osintcom_qt.py
9312 INFO: Processing standard module hook 'hook-platform.py' from 'C:\\Users\\
theau\\AppData\\Local\\Programs\\Python\\Python312\\Lib\\site-packages\\PyInsta
ller\\hooks'
9331 INFO: Processing standard module hook 'hook-numpy.py' from 'C:\\Users\\the
au\\AppData\\Local\\Programs\\Python\\Python312\\Lib\\site-packages\\PyInstalle
r\\hooks'
9774 INFO: Processing standard module hook 'hook-difflib.py' from 'C:\\Users\\t
heau\\AppData\\Local\\Programs\\Python\\Python312\\Lib\\site-packages\\PyInstal
ler\\hooks'
9950 INFO: Processing standard module hook 'hook-multiprocessing.util.py' from 
'C:\\Users\\theau\\AppData\\Local\\Programs\\Python\\Python312\\Lib\\site-packa
ges\\PyInstaller\\hooks'
10092 INFO: Processing standard module hook 'hook-xml.py' from 'C:\\Users\\thea
u\\AppData\\Local\\Programs\\Python\\Python312\\Lib\\site-packages\\PyInstaller
\\hooks'
10316 INFO: Processing standard module hook 'hook-_ctypes.py' from 'C:\\Users\\
theau\\AppData\\Local\\Programs\\Python\\Python312\\Lib\\site-packages\\PyInsta
ller\\hooks'
11029 INFO: Processing standard module hook 'hook-sysconfig.py' from 'C:\\Users
\\theau\\AppData\\Local\\Programs\\Python\\Python312\\Lib\\site-packages\\PyIns
taller\\hooks'
11655 INFO: Processing standard module hook 'hook-psutil.py' from 'C:\\Users\\t
heau\\AppData\\Local\\Programs\\Python\\Python312\\Lib\\site-packages\\_pyinsta
ller_hooks_contrib\\stdhooks'
12272 INFO: Processing pre-safe-import-module hook 'hook-typing_extensions.py' 
from 'C:\\Users\\theau\\AppData\\Local\\Programs\\Python\\Python312\\Lib\\site-
packages\\PyInstaller\\hooks\\pre_safe_import_module'
12272 INFO: SetuptoolsInfo: initializing cached setuptools info...
13213 INFO: Processing standard module hook 'hook-charset_normalizer.py' from '
C:\\Users\\theau\\AppData\\Local\\Programs\\Python\\Python312\\Lib\\site-packag
es\\_pyinstaller_hooks_contrib\\stdhooks'
13515 INFO: Processing standard module hook 'hook-sounddevice.py' from 'C:\\Use
rs\\theau\\AppData\\Local\\Programs\\Python\\Python312\\Lib\\site-packages\\_py
installer_hooks_contrib\\stdhooks'
13558 INFO: Processing standard module hook 'hook-urllib3.py' from 'C:\\Users\\
theau\\AppData\\Local\\Programs\\Python\\Python312\\Lib\\site-packages\\_pyinst
aller_hooks_contrib\\stdhooks'
13644 INFO: Processing pre-safe-import-module hook 'hook-backports.py' from 'C:
\\Users\\theau\\AppData\\Local\\Programs\\Python\\Python312\\Lib\\site-packages
\\PyInstaller\\hooks\\pre_safe_import_module'
13645 INFO: Setuptools: 'backports' appears to be a full setuptools-vendored 
copy - creating alias to 'setuptools._vendor.backports'!
13651 INFO: Processing standard module hook 'hook-setuptools.py' from 'C:\\User
s\\theau\\AppData\\Local\\Programs\\Python\\Python312\\Lib\\site-packages\\PyIn
staller\\hooks'
13660 INFO: Processing pre-safe-import-module hook 'hook-distutils.py' from 'C:
\\Users\\theau\\AppData\\Local\\Programs\\Python\\Python312\\Lib\\site-packages
\\PyInstaller\\hooks\\pre_safe_import_module'
13687 INFO: Processing pre-safe-import-module hook 'hook-jaraco.py' from 'C:\\U
sers\\theau\\AppData\\Local\\Programs\\Python\\Python312\\Lib\\site-packages\\P
yInstaller\\hooks\\pre_safe_import_module'
13688 INFO: Setuptools: 'jaraco' appears to be a full setuptools-vendored copy 
- creating alias to 'setuptools._vendor.jaraco'!
13697 INFO: Processing pre-safe-import-module hook 'hook-more_itertools.py' 
from 'C:\\Users\\theau\\AppData\\Local\\Programs\\Python\\Python312\\Lib\\site-
packages\\PyInstaller\\hooks\\pre_safe_import_module'
13697 INFO: Setuptools: 'more_itertools' appears to be a setuptools-vendored 
copy - creating alias to 'setuptools._vendor.more_itertools'!
14106 INFO: Processing pre-safe-import-module hook 'hook-packaging.py' from 'C:
\\Users\\theau\\AppData\\Local\\Programs\\Python\\Python312\\Lib\\site-packages
\\PyInstaller\\hooks\\pre_safe_import_module'
14263 INFO: Processing standard module hook 
'hook-setuptools._vendor.jaraco.text.py' from 'C:\\Users\\theau\\AppData\\Local
\\Programs\\Python\\Python312\\Lib\\site-packages\\PyInstaller\\hooks'
14265 INFO: Processing pre-safe-import-module hook 
'hook-importlib_resources.py' from 'C:\\Users\\theau\\AppData\\Local\\Programs\
\Python\\Python312\\Lib\\site-packages\\PyInstaller\\hooks\\pre_safe_import_mod
ule'
14516 INFO: Processing pre-safe-import-module hook 
'hook-importlib_metadata.py' from 'C:\\Users\\theau\\AppData\\Local\\Programs\\
Python\\Python312\\Lib\\site-packages\\PyInstaller\\hooks\\pre_safe_import_modu
le'
14516 INFO: Setuptools: 'importlib_metadata' appears to be a 
setuptools-vendored copy - creating alias to 
'setuptools._vendor.importlib_metadata'!
14541 INFO: Processing standard module hook 
'hook-setuptools._vendor.importlib_metadata.py' from 'C:\\Users\\theau\\AppData
\\Local\\Programs\\Python\\Python312\\Lib\\site-packages\\PyInstaller\\hooks'
14566 INFO: Processing pre-safe-import-module hook 'hook-zipp.py' from 'C:\\Use
rs\\theau\\AppData\\Local\\Programs\\Python\\Python312\\Lib\\site-packages\\PyI
nstaller\\hooks\\pre_safe_import_module'
14567 INFO: Setuptools: 'zipp' appears to be a setuptools-vendored copy - 
creating alias to 'setuptools._vendor.zipp'!
14810 INFO: Processing pre-safe-import-module hook 'hook-tomli.py' from 'C:\\Us
ers\\theau\\AppData\\Local\\Programs\\Python\\Python312\\Lib\\site-packages\\Py
Installer\\hooks\\pre_safe_import_module'
14810 INFO: Setuptools: 'tomli' appears to be a setuptools-vendored copy - 
creating alias to 'setuptools._vendor.tomli'!
15282 INFO: Processing pre-safe-import-module hook 'hook-wheel.py' from 'C:\\Us
ers\\theau\\AppData\\Local\\Programs\\Python\\Python312\\Lib\\site-packages\\Py
Installer\\hooks\\pre_safe_import_module'
15283 INFO: Setuptools: 'wheel' appears to be a setuptools-vendored copy - 
creating alias to 'setuptools._vendor.wheel'!
15820 INFO: Processing standard module hook 'hook-certifi.py' from 'C:\\Users\\
theau\\AppData\\Local\\Programs\\Python\\Python312\\Lib\\site-packages\\_pyinst
aller_hooks_contrib\\stdhooks'
15907 INFO: Processing standard module hook 'hook-scipy.py' from 'C:\\Users\\th
eau\\AppData\\Local\\Programs\\Python\\Python312\\Lib\\site-packages\\PyInstall
er\\hooks'
16608 INFO: Processing standard module hook 'hook-pycparser.py' from 'C:\\Users
\\theau\\AppData\\Local\\Programs\\Python\\Python312\\Lib\\site-packages\\_pyin
staller_hooks_contrib\\stdhooks'
17467 INFO: Processing standard module hook 'hook-scipy.linalg.py' from 'C:\\Us
ers\\theau\\AppData\\Local\\Programs\\Python\\Python312\\Lib\\site-packages\\Py
Installer\\hooks'
17663 INFO: Processing standard module hook 'hook-scipy.special._ufuncs.py' 
from 'C:\\Users\\theau\\AppData\\Local\\Programs\\Python\\Python312\\Lib\\site-
packages\\PyInstaller\\hooks'
19683 INFO: Processing standard module hook 'hook-scipy.spatial._ckdtree.py' 
from 'C:\\Users\\theau\\AppData\\Local\\Programs\\Python\\Python312\\Lib\\site-
packages\\PyInstaller\\hooks'
19783 INFO: Processing standard module hook 'hook-matplotlib.py' from 'C:\\User
s\\theau\\AppData\\Local\\Programs\\Python\\Python312\\Lib\\site-packages\\PyIn
staller\\hooks'
20190 INFO: Processing pre-safe-import-module hook 'hook-gi.py' from 'C:\\Users
\\theau\\AppData\\Local\\Programs\\Python\\Python312\\Lib\\site-packages\\PyIns
taller\\hooks\\pre_safe_import_module'
20390 INFO: Processing standard module hook 'hook-matplotlib.backend_bases.py' 
from 'C:\\Users\\theau\\AppData\\Local\\Programs\\Python\\Python312\\Lib\\site-
packages\\PyInstaller\\hooks'
20514 INFO: Processing standard module hook 'hook-PIL.py' from 'C:\\Users\\thea
u\\AppData\\Local\\Programs\\Python\\Python312\\Lib\\site-packages\\PyInstaller
\\hooks'
20604 INFO: Processing standard module hook 'hook-PIL.Image.py' from 'C:\\Users
\\theau\\AppData\\Local\\Programs\\Python\\Python312\\Lib\\site-packages\\PyIns
taller\\hooks'
20993 INFO: Processing standard module hook 'hook-xml.etree.cElementTree.py' 
from 'C:\\Users\\theau\\AppData\\Local\\Programs\\Python\\Python312\\Lib\\site-
packages\\PyInstaller\\hooks'
21174 INFO: Processing standard module hook 'hook-PIL.ImageFilter.py' from 'C:\
\Users\\theau\\AppData\\Local\\Programs\\Python\\Python312\\Lib\\site-packages\
\PyInstaller\\hooks'
21936 INFO: Processing standard module hook 'hook-matplotlib.backends.py' from 
'C:\\Users\\theau\\AppData\\Local\\Programs\\Python\\Python312\\Lib\\site-packa
ges\\PyInstaller\\hooks'
22010 INFO: Processing standard module hook 'hook-matplotlib.pyplot.py' from 'C
:\\Users\\theau\\AppData\\Local\\Programs\\Python\\Python312\\Lib\\site-package
s\\PyInstaller\\hooks'
22894 INFO: Processing standard module hook 'hook-dateutil.py' from 'C:\\Users\
\theau\\AppData\\Local\\Programs\\Python\\Python312\\Lib\\site-packages\\_pyins
taller_hooks_contrib\\stdhooks'
22960 INFO: Processing pre-safe-import-module hook 'hook-six.moves.py' from 'C:
\\Users\\theau\\AppData\\Local\\Programs\\Python\\Python312\\Lib\\site-packages
\\PyInstaller\\hooks\\pre_safe_import_module'
25011 INFO: Processing standard module hook 
'hook-scipy.spatial.transform.rotation.py' from 'C:\\Users\\theau\\AppData\\Loc
al\\Programs\\Python\\Python312\\Lib\\site-packages\\PyInstaller\\hooks'
26633 INFO: Processing standard module hook 'hook-scipy.stats._stats.py' from '
C:\\Users\\theau\\AppData\\Local\\Programs\\Python\\Python312\\Lib\\site-packag
es\\PyInstaller\\hooks'
27419 INFO: Processing standard module hook 'hook-scipy.sparse.csgraph.py' 
from 'C:\\Users\\theau\\AppData\\Local\\Programs\\Python\\Python312\\Lib\\site-
packages\\PyInstaller\\hooks'
28457 INFO: Processing standard module hook 
'hook-scipy.special._ellip_harm_2.py' from 'C:\\Users\\theau\\AppData\\Local\\P
rograms\\Python\\Python312\\Lib\\site-packages\\PyInstaller\\hooks'
29806 INFO: Processing standard module hook 'hook-PyQt5.py' from 'C:\\Users\\th
eau\\AppData\\Local\\Programs\\Python\\Python312\\Lib\\site-packages\\PyInstall
er\\hooks'
30735 INFO: Processing standard module hook 'hook-PyQt5.QtWidgets.py' from 'C:\
\Users\\theau\\AppData\\Local\\Programs\\Python\\Python312\\Lib\\site-packages\
\PyInstaller\\hooks'
37529 INFO: Processing standard module hook 'hook-PyQt5.QtCore.py' from 'C:\\Us
ers\\theau\\AppData\\Local\\Programs\\Python\\Python312\\Lib\\site-packages\\Py
Installer\\hooks'
43340 INFO: Processing standard module hook 'hook-PyQt5.QtGui.py' from 'C:\\Use
rs\\theau\\AppData\\Local\\Programs\\Python\\Python312\\Lib\\site-packages\\PyI
nstaller\\hooks'
76958 INFO: Processing standard module hook 'hook-scipy.io.matlab.py' from 'C:\
\Users\\theau\\AppData\\Local\\Programs\\Python\\Python312\\Lib\\site-packages\
\PyInstaller\\hooks'
77173 INFO: Analyzing hidden import 'scipy._cyutility'
77174 INFO: Analyzing hidden import 'scipy._lib._array_api_docs_tables'
77179 INFO: Analyzing hidden import 'scipy._lib._array_api_no_0d'
77183 INFO: Analyzing hidden import 'scipy._lib._disjoint_set'
77187 INFO: Analyzing hidden import 'scipy._lib._fpumode'
77187 INFO: Analyzing hidden import 'scipy._lib._gcutils'
77188 INFO: Analyzing hidden import 'scipy._lib._public_api'
77189 INFO: Analyzing hidden import 'scipy._lib._test_ccallback'
77189 INFO: Analyzing hidden import 'scipy._lib._test_deprecation_call'
77190 INFO: Analyzing hidden import 'scipy._lib._test_deprecation_def'
77190 INFO: Analyzing hidden import 'scipy._lib._tmpdirs'
77192 INFO: Analyzing hidden import 'scipy._lib.array_api_compat.common._fft'
77199 INFO: Analyzing hidden import 'scipy._lib.array_api_compat.numpy.fft'
77201 INFO: Analyzing hidden import 'scipy._lib.array_api_extra._lib._backends'
77203 INFO: Analyzing hidden import 'scipy._lib.array_api_extra._lib._testing'
77209 INFO: Analyzing hidden import 'scipy._lib.messagestream'
77209 INFO: Analyzing hidden import 'scipy._lib.tests'
77209 INFO: Analyzing hidden import 'scipy._lib.tests.test__gcutils'
77214 INFO: Analyzing hidden import 'scipy._lib.tests.test__pep440'
77216 INFO: Analyzing hidden import 'scipy._lib.tests.test__testutils'
77219 INFO: Analyzing hidden import 'scipy._lib.tests.test__util'
77330 INFO: Analyzing hidden import 'scipy._lib.tests.test_array_api'
77350 INFO: Analyzing hidden import 'scipy._lib.tests.test_bunch'
77357 INFO: Analyzing hidden import 'scipy._lib.tests.test_ccallback'
77363 INFO: Analyzing hidden import 'scipy._lib.tests.test_config'
77364 INFO: Analyzing hidden import 'scipy._lib.tests.test_deprecation'
77365 INFO: Analyzing hidden import 'scipy._lib.tests.test_doccer'
77369 INFO: Analyzing hidden import 'scipy._lib.tests.test_import_cycles'
77377 INFO: Analyzing hidden import 'scipy._lib.tests.test_scipy_version'
77378 INFO: Analyzing hidden import 'scipy._lib.tests.test_tmpdirs'
77382 INFO: Analyzing hidden import 'scipy._lib.tests.test_warnings'
77386 INFO: Analyzing hidden import 'scipy.cluster.tests'
77386 INFO: Analyzing hidden import 'scipy.cluster.tests.hierarchy_test_data'
77391 INFO: Analyzing hidden import 'scipy.cluster.tests.test_disjoint_set'
77397 INFO: Analyzing hidden import 'scipy.cluster.tests.test_hierarchy'
77445 INFO: Analyzing hidden import 'scipy.cluster.tests.test_vq'
77469 INFO: Analyzing hidden import 'scipy.constants.tests'
77470 INFO: Analyzing hidden import 'scipy.constants.tests.test_codata'
77475 INFO: Analyzing hidden import 'scipy.constants.tests.test_constants'
77479 INFO: Analyzing hidden import 'scipy.datasets'
77490 INFO: Processing pre-safe-import-module hook 'hook-platformdirs.py' from 
'C:\\Users\\theau\\AppData\\Local\\Programs\\Python\\Python312\\Lib\\site-packa
ges\\PyInstaller\\hooks\\pre_safe_import_module'
77491 INFO: Setuptools: 'platformdirs' appears to be a setuptools-vendored 
copy - creating alias to 'setuptools._vendor.platformdirs'!
77531 INFO: Analyzing hidden import 'scipy.datasets.tests'
77532 INFO: Analyzing hidden import 'scipy.datasets.tests.test_data'
77537 INFO: Analyzing hidden import 'scipy.differentiate'
77553 INFO: Analyzing hidden import 'scipy.differentiate.tests'
77553 INFO: Analyzing hidden import 
'scipy.differentiate.tests.test_differentiate'
77587 INFO: Analyzing hidden import 'scipy.fft._debug_backends'
77588 INFO: Analyzing hidden import 'scipy.fft._pocketfft.tests'
77588 INFO: Analyzing hidden import 'scipy.fft._pocketfft.tests.test_basic'
77639 INFO: Analyzing hidden import 
'scipy.fft._pocketfft.tests.test_real_transforms'
77659 INFO: Analyzing hidden import 'scipy.fft.tests'
77660 INFO: Analyzing hidden import 'scipy.fft.tests.mock_backend'
77663 INFO: Analyzing hidden import 'scipy.fft.tests.test_backend'
77670 INFO: Analyzing hidden import 'scipy.fft.tests.test_basic'
77691 INFO: Analyzing hidden import 'scipy.fft.tests.test_fftlog'
77696 INFO: Analyzing hidden import 'scipy.fft.tests.test_helper'
77711 INFO: Analyzing hidden import 'scipy.fft.tests.test_multithreading'
77714 INFO: Analyzing hidden import 'scipy.fft.tests.test_real_transforms'
77724 INFO: Analyzing hidden import 'scipy.fftpack.tests'
77724 INFO: Analyzing hidden import 'scipy.fftpack.tests.test_basic'
77758 INFO: Analyzing hidden import 'scipy.fftpack.tests.test_helper'
77761 INFO: Analyzing hidden import 'scipy.fftpack.tests.test_import'
77762 INFO: Analyzing hidden import 'scipy.fftpack.tests.test_pseudo_diffs'
77782 INFO: Analyzing hidden import 'scipy.fftpack.tests.test_real_transforms'
77812 INFO: Analyzing hidden import 'scipy.integrate._ivp.tests'
77812 INFO: Analyzing hidden import 'scipy.integrate._ivp.tests.test_ivp'
77865 INFO: Analyzing hidden import 'scipy.integrate._ivp.tests.test_rk'
77868 INFO: Analyzing hidden import 'scipy.integrate._test_multivariate'
77869 INFO: Analyzing hidden import 'scipy.integrate.tests'
77869 INFO: Analyzing hidden import 'scipy.integrate.tests.test__quad_vec'
77878 INFO: Analyzing hidden import 
'scipy.integrate.tests.test_banded_ode_solvers'
77885 INFO: Analyzing hidden import 'scipy.integrate.tests.test_bvp'
77914 INFO: Analyzing hidden import 'scipy.integrate.tests.test_cubature'
77947 INFO: Analyzing hidden import 'scipy.integrate.tests.test_integrate'
77967 INFO: Analyzing hidden import 'scipy.integrate.tests.test_quadpack'
77991 INFO: Analyzing hidden import 'scipy.integrate.tests.test_quadrature'
78025 INFO: Analyzing hidden import 'scipy.integrate.tests.test_tanhsinh'
78095 INFO: Analyzing hidden import 'scipy.interpolate.dfitpack'
78096 INFO: Analyzing hidden import 'scipy.interpolate.tests'
78097 INFO: Analyzing hidden import 
'scipy.interpolate.tests.test_bary_rational'
78117 INFO: Analyzing hidden import 'scipy.interpolate.tests.test_bsplines'
78346 INFO: Analyzing hidden import 'scipy.interpolate.tests.test_fitpack'
78370 INFO: Analyzing hidden import 'scipy.interpolate.tests.test_fitpack2'
78454 INFO: Analyzing hidden import 'scipy.interpolate.tests.test_gil'
78456 INFO: Analyzing hidden import 'scipy.interpolate.tests.test_interpnd'
78475 INFO: Analyzing hidden import 'scipy.interpolate.tests.test_interpolate'
78599 INFO: Analyzing hidden import 'scipy.interpolate.tests.test_ndgriddata'
78609 INFO: Analyzing hidden import 'scipy.interpolate.tests.test_pade'
78613 INFO: Analyzing hidden import 'scipy.interpolate.tests.test_polyint'
78664 INFO: Analyzing hidden import 'scipy.interpolate.tests.test_rbf'
78674 INFO: Analyzing hidden import 'scipy.interpolate.tests.test_rbfinterp'
78694 INFO: Analyzing hidden import 'scipy.interpolate.tests.test_rgi'
78749 INFO: Analyzing hidden import 'scipy.io._harwell_boeing.tests'
78750 INFO: Analyzing hidden import 
'scipy.io._harwell_boeing.tests.test_fortran_format'
78753 INFO: Analyzing hidden import 'scipy.io._harwell_boeing.tests.test_hb'
78755 INFO: Analyzing hidden import 'scipy.io.arff.tests'
78757 INFO: Analyzing hidden import 'scipy.io.arff.tests.test_arffread'
78767 INFO: Analyzing hidden import 'scipy.io.matlab.tests'
78767 INFO: Analyzing hidden import 'scipy.io.matlab.tests.test_byteordercodes'
78770 INFO: Analyzing hidden import 'scipy.io.matlab.tests.test_mio'
78821 INFO: Analyzing hidden import 'scipy.io.matlab.tests.test_mio5_utils'
78826 INFO: Analyzing hidden import 'scipy.io.matlab.tests.test_mio_funcs'
78830 INFO: Analyzing hidden import 'scipy.io.matlab.tests.test_mio_utils'
78832 INFO: Analyzing hidden import 'scipy.io.matlab.tests.test_miobase'
78834 INFO: Analyzing hidden import 'scipy.io.matlab.tests.test_pathological'
78836 INFO: Analyzing hidden import 'scipy.io.matlab.tests.test_streams'
78845 INFO: Analyzing hidden import 'scipy.io.tests'
78845 INFO: Analyzing hidden import 'scipy.io.tests.test_fortran'
78861 INFO: Analyzing hidden import 'scipy.io.tests.test_idl'
78885 INFO: Analyzing hidden import 'scipy.io.tests.test_mmio'
78914 INFO: Analyzing hidden import 'scipy.io.tests.test_netcdf'
78938 INFO: Analyzing hidden import 'scipy.io.tests.test_paths'
78942 INFO: Analyzing hidden import 'scipy.io.tests.test_wavfile'
78960 INFO: Analyzing hidden import 'scipy.linalg._testutils'
78963 INFO: Analyzing hidden import 'scipy.linalg.cython_blas'
78964 INFO: Analyzing hidden import 'scipy.linalg.cython_lapack'
78964 INFO: Analyzing hidden import 'scipy.linalg.tests'
78965 INFO: Analyzing hidden import 'scipy.linalg.tests.test_basic'
79099 INFO: Analyzing hidden import 'scipy.linalg.tests.test_batch'
79126 INFO: Analyzing hidden import 'scipy.linalg.tests.test_blas'
79173 INFO: Analyzing hidden import 'scipy.linalg.tests.test_cython_blas'
79179 INFO: Analyzing hidden import 'scipy.linalg.tests.test_cython_lapack'
79180 INFO: Analyzing hidden import 
'scipy.linalg.tests.test_cythonized_array_utils'
79187 INFO: Analyzing hidden import 'scipy.linalg.tests.test_decomp'
79349 INFO: Analyzing hidden import 'scipy.linalg.tests.test_decomp_cholesky'
79360 INFO: Analyzing hidden import 'scipy.linalg.tests.test_decomp_cossin'
79373 INFO: Analyzing hidden import 'scipy.linalg.tests.test_decomp_ldl'
79381 INFO: Analyzing hidden import 'scipy.linalg.tests.test_decomp_lu'
79400 INFO: Analyzing hidden import 'scipy.linalg.tests.test_decomp_polar'
79406 INFO: Analyzing hidden import 'scipy.linalg.tests.test_decomp_update'
79495 INFO: Analyzing hidden import 'scipy.linalg.tests.test_extending'
79498 INFO: Analyzing hidden import 'scipy.linalg.tests.test_fblas'
79518 INFO: Analyzing hidden import 'scipy.linalg.tests.test_interpolative'
79528 INFO: Analyzing hidden import 'scipy.linalg.tests.test_lapack'
79699 INFO: Analyzing hidden import 'scipy.linalg.tests.test_matfuncs'
79743 INFO: Analyzing hidden import 'scipy.linalg.tests.test_matmul_toeplitz'
79749 INFO: Analyzing hidden import 'scipy.linalg.tests.test_procrustes'
79757 INFO: Analyzing hidden import 'scipy.linalg.tests.test_sketches'
79762 INFO: Analyzing hidden import 'scipy.linalg.tests.test_solve_toeplitz'
79767 INFO: Analyzing hidden import 'scipy.linalg.tests.test_solvers'
79805 INFO: Analyzing hidden import 'scipy.linalg.tests.test_special_matrices'
79831 INFO: Analyzing hidden import 'scipy.misc'
79832 INFO: Analyzing hidden import 'scipy.misc.common'
79833 INFO: Analyzing hidden import 'scipy.misc.doccer'
79835 INFO: Analyzing hidden import 'scipy.ndimage._ctest'
79835 INFO: Analyzing hidden import 'scipy.ndimage._cytest'
79835 INFO: Analyzing hidden import 'scipy.ndimage.tests'
79836 INFO: Analyzing hidden import 'scipy.ndimage.tests.test_c_api'
79840 INFO: Analyzing hidden import 'scipy.ndimage.tests.test_datatypes'
79842 INFO: Analyzing hidden import 'scipy.ndimage.tests.test_filters'
79993 INFO: Analyzing hidden import 'scipy.ndimage.tests.test_fourier'
80000 INFO: Analyzing hidden import 'scipy.ndimage.tests.test_interpolation'
80064 INFO: Analyzing hidden import 'scipy.ndimage.tests.test_measurements'
80145 INFO: Analyzing hidden import 'scipy.ndimage.tests.test_morphology'
80294 INFO: Analyzing hidden import 'scipy.ndimage.tests.test_ni_support'
80298 INFO: Analyzing hidden import 'scipy.ndimage.tests.test_splines'
80301 INFO: Analyzing hidden import 'scipy.odr'
80327 INFO: Analyzing hidden import 'scipy.odr.tests'
80328 INFO: Analyzing hidden import 'scipy.odr.tests.test_odr'
80346 INFO: Analyzing hidden import 'scipy.optimize._trustregion_constr.tests'
80348 INFO: Analyzing hidden import 
'scipy.optimize._trustregion_constr.tests.test_canonical_constraint'
80442 INFO: Analyzing hidden import 
'scipy.optimize._trustregion_constr.tests.test_nested_minimize'
80445 INFO: Analyzing hidden import 
'scipy.optimize._trustregion_constr.tests.test_projections'
80452 INFO: Analyzing hidden import 
'scipy.optimize._trustregion_constr.tests.test_qp_subproblem'
80474 INFO: Analyzing hidden import 
'scipy.optimize._trustregion_constr.tests.test_report'
80476 INFO: Analyzing hidden import 'scipy.optimize._tstutils'
80512 INFO: Analyzing hidden import 'scipy.optimize.cython_optimize'
80513 INFO: Analyzing hidden import 'scipy.optimize.cython_optimize._zeros'
80513 INFO: Analyzing hidden import 'scipy.optimize.tests'
80514 INFO: Analyzing hidden import 'scipy.optimize.tests.test__basinhopping'
80538 INFO: Analyzing hidden import 
'scipy.optimize.tests.test__differential_evolution'
80610 INFO: Analyzing hidden import 'scipy.optimize.tests.test__dual_annealing'
80623 INFO: Analyzing hidden import 
'scipy.optimize.tests.test__linprog_clean_inputs'
80635 INFO: Analyzing hidden import 'scipy.optimize.tests.test__numdiff'
80677 INFO: Analyzing hidden import 
'scipy.optimize.tests.test__remove_redundancy'
80775 INFO: Analyzing hidden import 'scipy.optimize.tests.test__root'
80779 INFO: Analyzing hidden import 'scipy.optimize.tests.test__shgo'
80835 INFO: Analyzing hidden import 'scipy.optimize.tests.test__spectral'
80845 INFO: Analyzing hidden import 'scipy.optimize.tests.test_bracket'
80881 INFO: Analyzing hidden import 'scipy.optimize.tests.test_chandrupatla'
80923 INFO: Analyzing hidden import 'scipy.optimize.tests.test_cobyla'
80932 INFO: Analyzing hidden import 'scipy.optimize.tests.test_cobyqa'
80940 INFO: Analyzing hidden import 
'scipy.optimize.tests.test_constraint_conversion'
80952 INFO: Analyzing hidden import 'scipy.optimize.tests.test_constraints'
80963 INFO: Analyzing hidden import 'scipy.optimize.tests.test_cython_optimize'
80965 INFO: Analyzing hidden import 
'scipy.optimize.tests.test_differentiable_functions'
81012 INFO: Analyzing hidden import 'scipy.optimize.tests.test_direct'
81027 INFO: Analyzing hidden import 'scipy.optimize.tests.test_extending'
81029 INFO: Analyzing hidden import 
'scipy.optimize.tests.test_hessian_update_strategy'
81043 INFO: Analyzing hidden import 
'scipy.optimize.tests.test_isotonic_regression'
81051 INFO: Analyzing hidden import 'scipy.optimize.tests.test_lbfgsb_hessinv'
81053 INFO: Analyzing hidden import 'scipy.optimize.tests.test_lbfgsb_setulb'
81055 INFO: Analyzing hidden import 'scipy.optimize.tests.test_least_squares'
81092 INFO: Analyzing hidden import 
'scipy.optimize.tests.test_linear_assignment'
81108 INFO: Analyzing hidden import 'scipy.optimize.tests.test_linesearch'
81124 INFO: Analyzing hidden import 'scipy.optimize.tests.test_lsq_common'
81139 INFO: Analyzing hidden import 'scipy.optimize.tests.test_lsq_linear'
81153 INFO: Analyzing hidden import 'scipy.optimize.tests.test_milp'
81173 INFO: Analyzing hidden import 'scipy.optimize.tests.test_minpack'
81220 INFO: Analyzing hidden import 'scipy.optimize.tests.test_nnls'
81232 INFO: Analyzing hidden import 'scipy.optimize.tests.test_nonlin'
81258 INFO: Analyzing hidden import 'scipy.optimize.tests.test_optimize'
81413 INFO: Analyzing hidden import 
'scipy.optimize.tests.test_quadratic_assignment'
81433 INFO: Analyzing hidden import 'scipy.optimize.tests.test_regression'
81437 INFO: Analyzing hidden import 'scipy.optimize.tests.test_slsqp'
81459 INFO: Analyzing hidden import 'scipy.optimize.tests.test_tnc'
81475 INFO: Analyzing hidden import 'scipy.optimize.tests.test_trustregion'
81480 INFO: Analyzing hidden import 
'scipy.optimize.tests.test_trustregion_exact'
81495 INFO: Analyzing hidden import 
'scipy.optimize.tests.test_trustregion_krylov'
81500 INFO: Analyzing hidden import 'scipy.optimize.tests.test_zeros'
81533 INFO: Analyzing hidden import 'scipy.signal.tests'
81535 INFO: Analyzing hidden import 
'scipy.signal.tests._scipy_spectral_test_shim'
81542 INFO: Analyzing hidden import 'scipy.signal.tests.mpsig'
81546 INFO: Analyzing hidden import 'scipy.signal.tests.test_array_tools'
81551 INFO: Analyzing hidden import 'scipy.signal.tests.test_bsplines'
81566 INFO: Analyzing hidden import 'scipy.signal.tests.test_cont2discrete'
81581 INFO: Analyzing hidden import 'scipy.signal.tests.test_czt'
81590 INFO: Analyzing hidden import 'scipy.signal.tests.test_dltisys'
81608 INFO: Analyzing hidden import 'scipy.signal.tests.test_filter_design'
81848 INFO: Analyzing hidden import 'scipy.signal.tests.test_fir_filter_design'
81881 INFO: Analyzing hidden import 'scipy.signal.tests.test_ltisys'
81926 INFO: Analyzing hidden import 'scipy.signal.tests.test_max_len_seq'
81930 INFO: Analyzing hidden import 'scipy.signal.tests.test_peak_finding'
81971 INFO: Analyzing hidden import 'scipy.signal.tests.test_result_type'
81975 INFO: Analyzing hidden import 'scipy.signal.tests.test_savitzky_golay'
81997 INFO: Analyzing hidden import 'scipy.signal.tests.test_short_time_fft'
82040 INFO: Analyzing hidden import 'scipy.signal.tests.test_signaltools'
82238 INFO: Analyzing hidden import 'scipy.signal.tests.test_spectral'
82331 INFO: Analyzing hidden import 'scipy.signal.tests.test_splines'
82345 INFO: Analyzing hidden import 'scipy.signal.tests.test_upfirdn'
82358 INFO: Analyzing hidden import 'scipy.signal.tests.test_waveforms'
82372 INFO: Analyzing hidden import 'scipy.signal.tests.test_wavelets'
82375 INFO: Analyzing hidden import 'scipy.signal.tests.test_windows'
82420 INFO: Analyzing hidden import 'scipy.sparse.csgraph._validation'
82423 INFO: Analyzing hidden import 
'scipy.sparse.csgraph.tests.test_connected_components'
82427 INFO: Analyzing hidden import 
'scipy.sparse.csgraph.tests.test_conversions'
82431 INFO: Analyzing hidden import 'scipy.sparse.csgraph.tests.test_flow'
82440 INFO: Analyzing hidden import 
'scipy.sparse.csgraph.tests.test_graph_laplacian'
82452 INFO: Analyzing hidden import 
'scipy.sparse.csgraph.tests.test_pydata_sparse'
82458 INFO: Analyzing hidden import 
'scipy.sparse.csgraph.tests.test_reordering'
82462 INFO: Analyzing hidden import 
'scipy.sparse.csgraph.tests.test_shortest_path'
82477 INFO: Analyzing hidden import 
'scipy.sparse.csgraph.tests.test_spanning_tree'
82480 INFO: Analyzing hidden import 'scipy.sparse.csgraph.tests.test_traversal'
82486 INFO: Analyzing hidden import 'scipy.sparse.linalg._dsolve.tests'
82486 INFO: Analyzing hidden import 
'scipy.sparse.linalg._dsolve.tests.test_linsolve'
82521 INFO: Analyzing hidden import 'scipy.sparse.linalg._eigen._svds_doc'
82522 INFO: Analyzing hidden import 'scipy.sparse.linalg._eigen.arpack.tests'
82522 INFO: Analyzing hidden import 
'scipy.sparse.linalg._eigen.arpack.tests.test_arpack'
82547 INFO: Analyzing hidden import 'scipy.sparse.linalg._eigen.lobpcg.tests'
82548 INFO: Analyzing hidden import 
'scipy.sparse.linalg._eigen.lobpcg.tests.test_lobpcg'
82578 INFO: Analyzing hidden import 'scipy.sparse.linalg._eigen.tests'
82580 INFO: Analyzing hidden import 
'scipy.sparse.linalg._eigen.tests.test_svds'
82618 INFO: Analyzing hidden import 'scipy.sparse.linalg._isolve.tests'
82619 INFO: Analyzing hidden import 
'scipy.sparse.linalg._isolve.tests.test_gcrotmk'
82626 INFO: Analyzing hidden import 
'scipy.sparse.linalg._isolve.tests.test_iterative'
82655 INFO: Analyzing hidden import 
'scipy.sparse.linalg._isolve.tests.test_lgmres'
82663 INFO: Analyzing hidden import 
'scipy.sparse.linalg._isolve.tests.test_lsmr'
82676 INFO: Analyzing hidden import 
'scipy.sparse.linalg._isolve.tests.test_minres'
82680 INFO: Analyzing hidden import 
'scipy.sparse.linalg._isolve.tests.test_utils'
82681 INFO: Analyzing hidden import 'scipy.sparse.linalg.tests'
82682 INFO: Analyzing hidden import 
'scipy.sparse.linalg.tests.test_expm_multiply'
82695 INFO: Analyzing hidden import 
'scipy.sparse.linalg.tests.test_funm_multiply_krylov'
82700 INFO: Analyzing hidden import 'scipy.sparse.linalg.tests.test_interface'
82730 INFO: Analyzing hidden import 'scipy.sparse.linalg.tests.test_matfuncs'
82752 INFO: Analyzing hidden import 'scipy.sparse.linalg.tests.test_norm'
82759 INFO: Analyzing hidden import 'scipy.sparse.linalg.tests.test_onenormest'
82769 INFO: Analyzing hidden import 'scipy.sparse.linalg.tests.test_propack'
82779 INFO: Analyzing hidden import 
'scipy.sparse.linalg.tests.test_pydata_sparse'
82789 INFO: Analyzing hidden import 
'scipy.sparse.linalg.tests.test_special_sparse_arrays'
82804 INFO: Analyzing hidden import 'scipy.sparse.spfuncs'
82805 INFO: Analyzing hidden import 'scipy.sparse.tests'
82805 INFO: Analyzing hidden import 'scipy.sparse.tests.test_64bit'
83148 INFO: Analyzing hidden import 'scipy.sparse.tests.test_arithmetic1d'
83162 INFO: Analyzing hidden import 'scipy.sparse.tests.test_array_api'
83180 INFO: Analyzing hidden import 'scipy.sparse.tests.test_common1d'
83197 INFO: Analyzing hidden import 'scipy.sparse.tests.test_construct'
83245 INFO: Analyzing hidden import 'scipy.sparse.tests.test_coo'
83325 INFO: Analyzing hidden import 'scipy.sparse.tests.test_csc'
83331 INFO: Analyzing hidden import 'scipy.sparse.tests.test_csr'
83341 INFO: Analyzing hidden import 'scipy.sparse.tests.test_dok'
83349 INFO: Analyzing hidden import 'scipy.sparse.tests.test_extract'
83352 INFO: Analyzing hidden import 'scipy.sparse.tests.test_indexing1d'
83381 INFO: Analyzing hidden import 'scipy.sparse.tests.test_matrix_io'
83385 INFO: Analyzing hidden import 'scipy.sparse.tests.test_minmax1d'
83391 INFO: Analyzing hidden import 'scipy.sparse.tests.test_sparsetools'
83402 INFO: Analyzing hidden import 'scipy.sparse.tests.test_spfuncs'
83406 INFO: Analyzing hidden import 'scipy.sparse.tests.test_sputils'
83424 INFO: Analyzing hidden import 'scipy.spatial.tests'
83425 INFO: Analyzing hidden import 'scipy.spatial.tests.test__plotutils'
83428 INFO: Analyzing hidden import 'scipy.spatial.tests.test__procrustes'
83434 INFO: Analyzing hidden import 'scipy.spatial.tests.test_distance'
83536 INFO: Analyzing hidden import 'scipy.spatial.tests.test_hausdorff'
83543 INFO: Analyzing hidden import 'scipy.spatial.tests.test_kdtree'
83610 INFO: Analyzing hidden import 'scipy.spatial.tests.test_qhull'
83654 INFO: Analyzing hidden import 'scipy.spatial.tests.test_slerp'
83669 INFO: Analyzing hidden import 
'scipy.spatial.tests.test_spherical_voronoi'
83683 INFO: Analyzing hidden import 'scipy.spatial.transform.tests'
83684 INFO: Analyzing hidden import 
'scipy.spatial.transform.tests.test_rigid_transform'
83770 INFO: Analyzing hidden import 
'scipy.spatial.transform.tests.test_rotation'
83921 INFO: Analyzing hidden import 
'scipy.spatial.transform.tests.test_rotation_groups'
83927 INFO: Analyzing hidden import 
'scipy.spatial.transform.tests.test_rotation_spline'
83935 INFO: Analyzing hidden import 'scipy.special._add_newdocs'
83945 INFO: Analyzing hidden import 'scipy.special._mptestutils'
84040 INFO: Analyzing hidden import 'scipy.special._precompute'
84042 INFO: Analyzing hidden import 'scipy.special._precompute.cosine_cdf'
84043 INFO: Analyzing hidden import 'scipy.special._precompute.expn_asy'
84047 INFO: Analyzing hidden import 'scipy.special._precompute.gammainc_asy'
84055 INFO: Analyzing hidden import 'scipy.special._precompute.gammainc_data'
84059 INFO: Analyzing hidden import 'scipy.special._precompute.hyp2f1_data'
84108 INFO: Analyzing hidden import 'scipy.special._precompute.lambertw'
84113 INFO: Analyzing hidden import 'scipy.special._precompute.loggamma'
84115 INFO: Analyzing hidden import 
'scipy.special._precompute.struve_convergence'
84119 INFO: Analyzing hidden import 'scipy.special._precompute.wright_bessel'
84131 INFO: Analyzing hidden import 
'scipy.special._precompute.wright_bessel_data'
84138 INFO: Analyzing hidden import 'scipy.special._precompute.wrightomega'
84140 INFO: Analyzing hidden import 'scipy.special._precompute.zetac'
84142 INFO: Analyzing hidden import 'scipy.special._test_internal'
84143 INFO: Analyzing hidden import 'scipy.special._ufuncs_cxx'
84143 INFO: Analyzing hidden import 'scipy.special.cython_special'
84144 INFO: Analyzing hidden import 'scipy.special.tests.data'
84144 INFO: Analyzing hidden import 'scipy.special.tests.test_basic'
84406 INFO: Analyzing hidden import 'scipy.special.tests.test_bdtr'
84412 INFO: Analyzing hidden import 'scipy.special.tests.test_boost_ufuncs'
84417 INFO: Analyzing hidden import 'scipy.special.tests.test_boxcox'
84421 INFO: Analyzing hidden import 'scipy.special.tests.test_cdflib'
84450 INFO: Analyzing hidden import 'scipy.special.tests.test_cdft_asymptotic'
84452 INFO: Analyzing hidden import 'scipy.special.tests.test_cephes_intp_cast'
84455 INFO: Analyzing hidden import 'scipy.special.tests.test_cosine_distr'
84459 INFO: Analyzing hidden import 'scipy.special.tests.test_cython_special'
84486 INFO: Analyzing hidden import 'scipy.special.tests.test_data'
84510 INFO: Analyzing hidden import 'scipy.special.tests.test_dd'
84513 INFO: Analyzing hidden import 'scipy.special.tests.test_digamma'
84516 INFO: Analyzing hidden import 'scipy.special.tests.test_ellip_harm'
84530 INFO: Analyzing hidden import 'scipy.special.tests.test_erfinv'
84534 INFO: Analyzing hidden import 
'scipy.special.tests.test_exponential_integrals'
84538 INFO: Analyzing hidden import 'scipy.special.tests.test_extending'
84540 INFO: Analyzing hidden import 'scipy.special.tests.test_faddeeva'
84542 INFO: Analyzing hidden import 'scipy.special.tests.test_gamma'
84543 INFO: Analyzing hidden import 'scipy.special.tests.test_gammainc'
84548 INFO: Analyzing hidden import 'scipy.special.tests.test_gen_harmonic'
84551 INFO: Analyzing hidden import 'scipy.special.tests.test_hypergeometric'
84557 INFO: Analyzing hidden import 'scipy.special.tests.test_iv_ratio'
84561 INFO: Analyzing hidden import 'scipy.special.tests.test_kolmogorov'
84580 INFO: Analyzing hidden import 'scipy.special.tests.test_lambertw'
84585 INFO: Analyzing hidden import 'scipy.special.tests.test_legendre'
84645 INFO: Analyzing hidden import 'scipy.special.tests.test_log1mexp'
84647 INFO: Analyzing hidden import 'scipy.special.tests.test_loggamma'
84649 INFO: Analyzing hidden import 'scipy.special.tests.test_logit'
84655 INFO: Analyzing hidden import 'scipy.special.tests.test_logsumexp'
84670 INFO: Analyzing hidden import 'scipy.special.tests.test_mpmath'
84753 INFO: Analyzing hidden import 'scipy.special.tests.test_nan_inputs'
84756 INFO: Analyzing hidden import 'scipy.special.tests.test_ndtr'
84760 INFO: Analyzing hidden import 'scipy.special.tests.test_ndtri_exp'
84763 INFO: Analyzing hidden import 'scipy.special.tests.test_orthogonal'
84813 INFO: Analyzing hidden import 'scipy.special.tests.test_orthogonal_eval'
84826 INFO: Analyzing hidden import 'scipy.special.tests.test_owens_t'
84829 INFO: Analyzing hidden import 'scipy.special.tests.test_pcf'
84830 INFO: Analyzing hidden import 'scipy.special.tests.test_pdtr'
84832 INFO: Analyzing hidden import 'scipy.special.tests.test_powm1'
84836 INFO: Analyzing hidden import 
'scipy.special.tests.test_precompute_expn_asy'
84837 INFO: Analyzing hidden import 
'scipy.special.tests.test_precompute_gammainc'
84842 INFO: Analyzing hidden import 'scipy.special.tests.test_precompute_utils'
84845 INFO: Analyzing hidden import 'scipy.special.tests.test_round'
84847 INFO: Analyzing hidden import 'scipy.special.tests.test_sf_error'
84852 INFO: Analyzing hidden import 'scipy.special.tests.test_sici'
84855 INFO: Analyzing hidden import 'scipy.special.tests.test_specfun'
84858 INFO: Analyzing hidden import 'scipy.special.tests.test_spence'
84860 INFO: Analyzing hidden import 'scipy.special.tests.test_spfun_stats'
84862 INFO: Analyzing hidden import 'scipy.special.tests.test_sph_harm'
84865 INFO: Analyzing hidden import 'scipy.special.tests.test_spherical_bessel'
84881 INFO: Analyzing hidden import 
'scipy.special.tests.test_support_alternative_backends'
84896 INFO: Analyzing hidden import 'scipy.special.tests.test_trig'
84900 INFO: Analyzing hidden import 'scipy.special.tests.test_ufunc_signatures'
84902 INFO: Analyzing hidden import 'scipy.special.tests.test_wright_bessel'
84909 INFO: Analyzing hidden import 'scipy.special.tests.test_wrightomega'
84914 INFO: Analyzing hidden import 'scipy.special.tests.test_zeta'
84918 INFO: Analyzing hidden import 'scipy.stats._continued_fraction'
84922 INFO: Analyzing hidden import 'scipy.stats._result_classes'
84923 INFO: Analyzing hidden import 'scipy.stats._sampling'
84948 INFO: Analyzing hidden import 'scipy.stats.sampling'
84949 INFO: Analyzing hidden import 'scipy.stats.tests'
84950 INFO: Analyzing hidden import 'scipy.stats.tests.common_tests'
84971 INFO: Analyzing hidden import 'scipy.stats.tests.test_axis_nan_policy'
85032 INFO: Analyzing hidden import 'scipy.stats.tests.test_binned_statistic'
85062 INFO: Analyzing hidden import 'scipy.stats.tests.test_censored_data'
85073 INFO: Analyzing hidden import 'scipy.stats.tests.test_contingency'
85085 INFO: Analyzing hidden import 'scipy.stats.tests.test_continued_fraction'
85093 INFO: Analyzing hidden import 'scipy.stats.tests.test_continuous'
85208 INFO: Analyzing hidden import 'scipy.stats.tests.test_continuous_basic'
85248 INFO: Analyzing hidden import 
'scipy.stats.tests.test_continuous_fit_censored'
85258 INFO: Analyzing hidden import 'scipy.stats.tests.test_correlation'
85267 INFO: Analyzing hidden import 'scipy.stats.tests.test_crosstab'
85273 INFO: Analyzing hidden import 'scipy.stats.tests.test_device_dtype'
85286 INFO: Analyzing hidden import 'scipy.stats.tests.test_discrete_basic'
85311 INFO: Analyzing hidden import 'scipy.stats.tests.test_discrete_distns'
85337 INFO: Analyzing hidden import 'scipy.stats.tests.test_distributions'
85747 INFO: Analyzing hidden import 'scipy.stats.tests.test_entropy'
85760 INFO: Analyzing hidden import 'scipy.stats.tests.test_fast_gen_inversion'
85779 INFO: Analyzing hidden import 'scipy.stats.tests.test_fit'
85825 INFO: Analyzing hidden import 'scipy.stats.tests.test_hypotests'
85904 INFO: Analyzing hidden import 'scipy.stats.tests.test_kdeoth'
85927 INFO: Analyzing hidden import 'scipy.stats.tests.test_marray'
85945 INFO: Analyzing hidden import 'scipy.stats.tests.test_mgc'
85953 INFO: Analyzing hidden import 'scipy.stats.tests.test_morestats'
86101 INFO: Analyzing hidden import 'scipy.stats.tests.test_mstats_basic'
86190 INFO: Analyzing hidden import 'scipy.stats.tests.test_mstats_extras'
86196 INFO: Analyzing hidden import 'scipy.stats.tests.test_multicomp'
86209 INFO: Analyzing hidden import 'scipy.stats.tests.test_multivariate'
86445 INFO: Analyzing hidden import 'scipy.stats.tests.test_new_distributions'
86448 INFO: Analyzing hidden import 'scipy.stats.tests.test_odds_ratio'
86461 INFO: Analyzing hidden import 'scipy.stats.tests.test_qmc'
86515 INFO: Analyzing hidden import 'scipy.stats.tests.test_quantile'
86529 INFO: Analyzing hidden import 'scipy.stats.tests.test_rank'
86543 INFO: Analyzing hidden import 'scipy.stats.tests.test_relative_risk'
86547 INFO: Analyzing hidden import 'scipy.stats.tests.test_resampling'
86627 INFO: Analyzing hidden import 'scipy.stats.tests.test_sampling'
86690 INFO: Analyzing hidden import 
'scipy.stats.tests.test_sensitivity_analysis'
86701 INFO: Analyzing hidden import 'scipy.stats.tests.test_stats'
87167 INFO: Analyzing hidden import 'scipy.stats.tests.test_survival'
87182 INFO: Analyzing hidden import 'scipy.stats.tests.test_tukeylambda_stats'
87185 INFO: Analyzing hidden import 'scipy.stats.tests.test_variation'
87193 INFO: Analyzing hidden import 'numpy._configtool'
87195 INFO: Analyzing hidden import 'numpy._core._exceptions'
87200 INFO: Analyzing hidden import 'numpy._core._multiarray_tests'
87201 INFO: Analyzing hidden import 'numpy._core._operand_flag_tests'
87201 INFO: Analyzing hidden import 'numpy._core._rational_tests'
87201 INFO: Analyzing hidden import 'numpy._core._simd'
87202 INFO: Analyzing hidden import 'numpy._core._struct_ufunc_tests'
87203 INFO: Analyzing hidden import 'numpy._core._umath_tests'
87206 INFO: Analyzing hidden import 'numpy._core.cversions'
87208 INFO: Analyzing hidden import 'numpy._pyinstaller'
87209 INFO: Analyzing hidden import 'numpy._pyinstaller.hook-numpy'
87237 INFO: Processing standard module hook 'hook-win32ctypes.core.py' from 'C:
\\Users\\theau\\AppData\\Local\\Programs\\Python\\Python312\\Lib\\site-packages
\\PyInstaller\\hooks'
88388 INFO: Analyzing hidden import 'numpy._typing._extended_precision'
88390 INFO: Analyzing hidden import 'numpy._utils._pep440'
88400 INFO: Analyzing hidden import 'numpy.conftest'
88406 INFO: Analyzing hidden import 'numpy.core._dtype'
88408 INFO: Analyzing hidden import 'numpy.core._dtype_ctypes'
88410 INFO: Analyzing hidden import 'numpy.core._internal'
88411 INFO: Analyzing hidden import 'numpy.core._multiarray_umath'
88413 INFO: Analyzing hidden import 'numpy.core.arrayprint'
88414 INFO: Analyzing hidden import 'numpy.core.defchararray'
88415 INFO: Analyzing hidden import 'numpy.core.einsumfunc'
88417 INFO: Analyzing hidden import 'numpy.core.fromnumeric'
88419 INFO: Analyzing hidden import 'numpy.core.function_base'
88420 INFO: Analyzing hidden import 'numpy.core.getlimits'
88421 INFO: Analyzing hidden import 'numpy.core.numerictypes'
88422 INFO: Analyzing hidden import 'numpy.core.overrides'
88423 INFO: Analyzing hidden import 'numpy.core.records'
88424 INFO: Analyzing hidden import 'numpy.core.shape_base'
88425 INFO: Analyzing hidden import 'numpy.core.umath'
88425 INFO: Analyzing hidden import 'numpy.f2py.__main__'
88427 INFO: Analyzing hidden import 'numpy.f2py._src_pyf'
88435 INFO: Analyzing hidden import 'numpy.fft.tests'
88435 INFO: Analyzing hidden import 'numpy.fft.tests.test_helper'
88443 INFO: Analyzing hidden import 'numpy.fft.tests.test_pocketfft'
88470 INFO: Analyzing hidden import 'numpy.lib._user_array_impl'
88479 INFO: Analyzing hidden import 'numpy.lib.tests'
88480 INFO: Analyzing hidden import 'numpy.lib.tests.test__datasource'
88490 INFO: Analyzing hidden import 'numpy.lib.tests.test__iotools'
88504 INFO: Analyzing hidden import 'numpy.lib.tests.test__version'
88507 INFO: Analyzing hidden import 'numpy.lib.tests.test_array_utils'
88509 INFO: Analyzing hidden import 'numpy.lib.tests.test_arraypad'
88567 INFO: Analyzing hidden import 'numpy.lib.tests.test_arraysetops'
88607 INFO: Analyzing hidden import 'numpy.lib.tests.test_arrayterator'
88609 INFO: Analyzing hidden import 'numpy.lib.tests.test_format'
88630 INFO: Analyzing hidden import 'numpy.lib.tests.test_function_base'
88873 INFO: Analyzing hidden import 'numpy.lib.tests.test_histograms'
88911 INFO: Analyzing hidden import 'numpy.lib.tests.test_index_tricks'
88938 INFO: Analyzing hidden import 'numpy.lib.tests.test_io'
89203 INFO: Analyzing hidden import 'numpy.lib.tests.test_loadtxt'
89242 INFO: Analyzing hidden import 'numpy.lib.tests.test_mixins'
89250 INFO: Analyzing hidden import 'numpy.lib.tests.test_nanfunctions'
89319 INFO: Analyzing hidden import 'numpy.lib.tests.test_packbits'
89334 INFO: Analyzing hidden import 'numpy.lib.tests.test_polynomial'
89348 INFO: Analyzing hidden import 'numpy.lib.tests.test_recfunctions'
89392 INFO: Analyzing hidden import 'numpy.lib.tests.test_regression'
89404 INFO: Analyzing hidden import 'numpy.lib.tests.test_shape_base'
89444 INFO: Analyzing hidden import 'numpy.lib.tests.test_stride_tricks'
89469 INFO: Analyzing hidden import 'numpy.lib.tests.test_twodim_base'
89492 INFO: Analyzing hidden import 'numpy.lib.tests.test_type_check'
89510 INFO: Analyzing hidden import 'numpy.lib.tests.test_ufunclike'
89514 INFO: Analyzing hidden import 'numpy.lib.tests.test_utils'
89517 INFO: Analyzing hidden import 'numpy.lib.user_array'
89518 INFO: Analyzing hidden import 'numpy.linalg.lapack_lite'
89520 INFO: Analyzing hidden import 'numpy.linalg.tests'
89520 INFO: Analyzing hidden import 'numpy.linalg.tests.test_deprecations'
89523 INFO: Analyzing hidden import 'numpy.linalg.tests.test_linalg'
89626 INFO: Analyzing hidden import 'numpy.linalg.tests.test_regression'
89632 INFO: Analyzing hidden import 'numpy.ma.tests'
89633 INFO: Analyzing hidden import 'numpy.ma.tests.test_arrayobject'
89636 INFO: Analyzing hidden import 'numpy.ma.tests.test_core'
89936 INFO: Analyzing hidden import 'numpy.ma.tests.test_deprecations'
89938 INFO: Analyzing hidden import 'numpy.ma.tests.test_extras'
90047 INFO: Analyzing hidden import 'numpy.ma.tests.test_mrecords'
90070 INFO: Analyzing hidden import 'numpy.ma.tests.test_old_ma'
90123 INFO: Analyzing hidden import 'numpy.ma.tests.test_regression'
90127 INFO: Analyzing hidden import 'numpy.ma.tests.test_subclassing'
90144 INFO: Analyzing hidden import 'numpy.matrixlib.tests'
90145 INFO: Analyzing hidden import 'numpy.matrixlib.tests.test_defmatrix'
90167 INFO: Analyzing hidden import 'numpy.matrixlib.tests.test_interaction'
90179 INFO: Analyzing hidden import 'numpy.matrixlib.tests.test_masked_matrix'
90189 INFO: Analyzing hidden import 'numpy.matrixlib.tests.test_matrix_linalg'
90192 INFO: Analyzing hidden import 'numpy.matrixlib.tests.test_multiarray'
90194 INFO: Analyzing hidden import 'numpy.matrixlib.tests.test_numeric'
90195 INFO: Analyzing hidden import 'numpy.matrixlib.tests.test_regression'
90198 INFO: Analyzing hidden import 'numpy.polynomial.tests'
90198 INFO: Analyzing hidden import 'numpy.polynomial.tests.test_chebyshev'
90222 INFO: Analyzing hidden import 'numpy.polynomial.tests.test_classes'
90245 INFO: Analyzing hidden import 'numpy.polynomial.tests.test_hermite'
90270 INFO: Analyzing hidden import 'numpy.polynomial.tests.test_hermite_e'
90295 INFO: Analyzing hidden import 'numpy.polynomial.tests.test_laguerre'
90321 INFO: Analyzing hidden import 'numpy.polynomial.tests.test_legendre'
90344 INFO: Analyzing hidden import 'numpy.polynomial.tests.test_polynomial'
90372 INFO: Analyzing hidden import 'numpy.polynomial.tests.test_polyutils'
90379 INFO: Analyzing hidden import 'numpy.polynomial.tests.test_printing'
90392 INFO: Analyzing hidden import 'numpy.polynomial.tests.test_symbol'
90399 INFO: Analyzing hidden import 'numpy.random.tests'
90399 INFO: Analyzing hidden import 'numpy.random.tests.data'
90400 INFO: Analyzing hidden import 'numpy.random.tests.test_direct'
90420 INFO: Analyzing hidden import 'numpy.random.tests.test_extending'
90434 INFO: Analyzing hidden import 'numpy.random.tests.test_generator_mt19937'
90565 INFO: Analyzing hidden import 
'numpy.random.tests.test_generator_mt19937_regressions'
90576 INFO: Analyzing hidden import 'numpy.random.tests.test_random'
90649 INFO: Analyzing hidden import 'numpy.random.tests.test_randomstate'
90744 INFO: Analyzing hidden import 
'numpy.random.tests.test_randomstate_regression'
90753 INFO: Analyzing hidden import 'numpy.random.tests.test_regression'
90759 INFO: Analyzing hidden import 'numpy.random.tests.test_seed_sequence'
90762 INFO: Analyzing hidden import 'numpy.random.tests.test_smoke'
90796 INFO: Analyzing hidden import 'numpy.testing.print_coercion_tables'
90803 INFO: Analyzing hidden import 'numpy.testing.tests'
90804 INFO: Analyzing hidden import 'numpy.testing.tests.test_utils'
90884 INFO: Analyzing hidden import 'numpy.tests'
90885 INFO: Analyzing hidden import 'numpy.tests.test__all__'
90888 INFO: Analyzing hidden import 'numpy.tests.test_configtool'
90892 INFO: Analyzing hidden import 'numpy.tests.test_ctypeslib'
90913 INFO: Analyzing hidden import 'numpy.tests.test_lazyloading'
90914 INFO: Analyzing hidden import 'numpy.tests.test_matlib'
90917 INFO: Analyzing hidden import 'numpy.tests.test_numpy_config'
90919 INFO: Analyzing hidden import 'numpy.tests.test_numpy_version'
90920 INFO: Analyzing hidden import 'numpy.tests.test_public_api'
90932 INFO: Analyzing hidden import 'numpy.tests.test_reloading'
90936 INFO: Analyzing hidden import 'numpy.tests.test_scripts'
90938 INFO: Analyzing hidden import 'numpy.tests.test_warnings'
90941 INFO: Analyzing hidden import 'numpy.typing.mypy_plugin'
90946 INFO: Analyzing hidden import 'numpy.typing.tests'
90947 INFO: Analyzing hidden import 'numpy.typing.tests.test_isfile'
90949 INFO: Analyzing hidden import 'numpy.typing.tests.test_runtime'
90952 INFO: Analyzing hidden import 'numpy.typing.tests.test_typing'
90958 INFO: Analyzing hidden import 'noisereduce.generate_noise'
90959 INFO: Analyzing hidden import 'noisereduce.plotting'
90961 INFO: Analyzing hidden import 'noisereduce.utils'
90962 INFO: Processing module hooks (post-graph stage)...
90963 WARNING: Hidden import "pycparser.lextab" not found!
90963 WARNING: Hidden import "pycparser.yacctab" not found!
90970 INFO: Processing standard module hook 'hook-matplotlib.backends.py' from 
'C:\\Users\\theau\\AppData\\Local\\Programs\\Python\\Python312\\Lib\\site-packa
ges\\PyInstaller\\hooks'
90970 INFO: Matplotlib backend selection method: automatic discovery of used 
backends
90989 INFO: Discovered Matplotlib backend(s) via `matplotlib.use()` call in 
module 'scipy.cluster.tests.test_hierarchy': ['Agg']
91025 INFO: The following Matplotlib backends were discovered by scanning for 
`matplotlib.use()` calls: ['Agg']. If your backend of choice is not in this 
list, either add a `matplotlib.use()` call to your code, or configure the 
backend collection via hook options (see: 
https://pyinstaller.org/en/stable/hooks-config.html#matplotlib-hooks).
91025 INFO: Selected matplotlib backends: ['Agg']
91268 INFO: Processing standard module hook 'hook-PIL.SpiderImagePlugin.py' 
from 'C:\\Users\\theau\\AppData\\Local\\Programs\\Python\\Python312\\Lib\\site-
packages\\PyInstaller\\hooks'
91304 WARNING: Hidden import "sip" not found!
91306 WARNING: Hidden import "scipy.special._cdflib" not found!
91439 INFO: Performing binary vs. data reclassification (2678 entries)
91669 INFO: Looking for ctypes DLLs
91828 INFO: Analyzing run-time hooks ...
91919 INFO: Including run-time hook 'pyi_rth_inspect.py' from 'C:\\Users\\theau
\\AppData\\Local\\Programs\\Python\\Python312\\Lib\\site-packages\\PyInstaller\
\hooks\\rthooks'
91922 INFO: Including run-time hook 'pyi_rth_setuptools.py' from 'C:\\Users\\th
eau\\AppData\\Local\\Programs\\Python\\Python312\\Lib\\site-packages\\PyInstall
er\\hooks\\rthooks'
91925 INFO: Including run-time hook 'pyi_rth_pkgutil.py' from 'C:\\Users\\theau
\\AppData\\Local\\Programs\\Python\\Python312\\Lib\\site-packages\\PyInstaller\
\hooks\\rthooks'
91927 INFO: Including run-time hook 'pyi_rth_multiprocessing.py' from 'C:\\User
s\\theau\\AppData\\Local\\Programs\\Python\\Python312\\Lib\\site-packages\\PyIn
staller\\hooks\\rthooks'
91929 INFO: Including run-time hook 'pyi_rth_mplconfig.py' from 'C:\\Users\\the
au\\AppData\\Local\\Programs\\Python\\Python312\\Lib\\site-packages\\PyInstalle
r\\hooks\\rthooks'
91931 INFO: Processing pre-find-module-path hook 'hook-_pyi_rth_utils.py' from 
'C:\\Users\\theau\\AppData\\Local\\Programs\\Python\\Python312\\Lib\\site-packa
ges\\PyInstaller\\hooks\\pre_find_module_path'
91932 INFO: Processing standard module hook 'hook-_pyi_rth_utils.py' from 'C:\\
Users\\theau\\AppData\\Local\\Programs\\Python\\Python312\\Lib\\site-packages\\
PyInstaller\\hooks'
91939 INFO: Including run-time hook 'pyi_rth_pyqt5.py' from 'C:\\Users\\theau\\
AppData\\Local\\Programs\\Python\\Python312\\Lib\\site-packages\\PyInstaller\\h
ooks\\rthooks'
92049 INFO: Creating base_library.zip...
92078 INFO: Looking for dynamic libraries
94088 INFO: Extra DLL search directories (AddDllDirectory): ['C:\\Users\\theau\
\AppData\\Local\\Programs\\Python\\Python312\\Lib\\site-packages\\PyQt5\\Qt5\\b
in', 'C:\\Users\\theau\\AppData\\Local\\Programs\\Python\\Python312\\Lib\\site-
packages\\numpy.libs', 'C:\\Users\\theau\\AppData\\Local\\Programs\\Python\\Pyt
hon312\\Lib\\site-packages\\scipy.libs']
94088 INFO: Extra DLL search directories (PATH): ['C:\\Users\\theau\\AppData\\L
ocal\\Programs\\Python\\Python312\\Lib\\site-packages\\PyQt5\\Qt5\\bin']
95922 INFO: Warnings written to C:\OSINTCOM\build\OSINTCOM\warn-OSINTCOM.txt
96093 INFO: Graph cross-reference written to 
C:\OSINTCOM\build\OSINTCOM\xref-OSINTCOM.html
96238 INFO: checking PYZ
96238 INFO: Building PYZ because PYZ-00.toc is non existent
96238 INFO: Building PYZ (ZlibArchive) C:\OSINTCOM\build\OSINTCOM\PYZ-00.pyz
98203 INFO: Building PYZ (ZlibArchive) C:\OSINTCOM\build\OSINTCOM\PYZ-00.pyz 
completed successfully.
98376 INFO: checking PKG
98376 INFO: Building PKG because PKG-00.toc is non existent
98376 INFO: Building PKG (CArchive) OSINTCOM.pkg
121002 INFO: Building PKG (CArchive) OSINTCOM.pkg completed successfully.
121043 INFO: Bootloader C:\Users\theau\AppData\Local\Programs\Python\Python312\
Lib\site-packages\PyInstaller\bootloader\Windows-64bit-intel\runw.exe
121043 INFO: checking EXE
121043 INFO: Building EXE because EXE-00.toc is non existent
121043 INFO: Building EXE from EXE-00.toc
121043 INFO: Copying bootloader EXE to C:\OSINTCOM\dist\OSINTCOM.exe
121050 INFO: Copying icon to EXE
121053 INFO: Copying 0 resources to EXE
121053 INFO: Embedding manifest in EXE
121056 INFO: Appending PKG archive to EXE
121140 INFO: Fixing EXE headers
121613 INFO: Building EXE from EXE-00.toc completed successfully.
121661 INFO: Build complete! The results are available in: C:\OSINTCOM\dist
============================================================
OSINTCOM v1.0 - PyInstaller Build
============================================================
[OK] noisereduce found - including in build

[*] Building standalone executable...
[*] This may take 1-3 minutes...


============================================================
[SUCCESS] Build complete!
Executable: C:\OSINTCOM\dist\OSINTCOM.exe
Size: 112.2 MB
============================================================
